// Validating benchmarks:
// ***** BenchmarkRunner: Start   *****
// ***** Found 1 benchmark(s) in total *****
// ***** Building 1 exe(s) in Parallel: Start   *****
// start dotnet  restore /p:UseSharedCompilation=false /p:BuildInParallel=false /m:1 /p:Deterministic=true /p:Optimize=true in /workspace/samples/TrieRoutingDemo/bin/Release/net6.0/aebef93f-4574-4e2d-a82f-94bbf340b838
// command took 0.81 sec and exited with 0
// start dotnet  build -c Release --no-restore /p:UseSharedCompilation=false /p:BuildInParallel=false /m:1 /p:Deterministic=true /p:Optimize=true in /workspace/samples/TrieRoutingDemo/bin/Release/net6.0/aebef93f-4574-4e2d-a82f-94bbf340b838
// command took 1.58 sec and exited with 0
// ***** Done, took 00:00:02 (2.45 sec)   *****
// Found 1 benchmarks:
//   RoutingBenchmarks.LookupCandidates_ZeroAlloc: DefaultJob

// **************************
// Benchmark: RoutingBenchmarks.LookupCandidates_ZeroAlloc: DefaultJob
// *** Execute ***
// Launch: 1 / 1
// Execute: dotnet aebef93f-4574-4e2d-a82f-94bbf340b838.dll --anonymousPipes 81 82 --benchmarkName RoutingBenchmarks.LookupCandidates_ZeroAlloc --job Default --benchmarkId 0 in /workspace/samples/TrieRoutingDemo/bin/Release/net6.0/aebef93f-4574-4e2d-a82f-94bbf340b838/bin/Release/net6.0
// Failed to set up high priority (Permission denied). In order to run benchmarks with high priority, make sure you have the right permissions.
// BeforeAnythingElse

// Benchmark Process Environment Information:
// BenchmarkDotNet v0.13.12
// Runtime=.NET 6.0.36 (6.0.3624.51421), X64 RyuJIT AVX2
// GC=Concurrent Workstation
// HardwareIntrinsics=AVX2,AES,BMI1,BMI2,FMA,LZCNT,PCLMUL,POPCNT,AvxVnni VectorSize=256
// Job: DefaultJob

OverheadJitting  1: 1 op, 183512.00 ns, 183.5120 us/op
WorkloadJitting  1: 1 op, 14881223.00 ns, 14.8812 ms/op

OverheadJitting  2: 16 op, 315773.00 ns, 19.7358 us/op
WorkloadJitting  2: 16 op, 202452797.00 ns, 12.6533 ms/op

WorkloadPilot    1: 16 op, 203630707.00 ns, 12.7269 ms/op
WorkloadPilot    2: 32 op, 407162607.00 ns, 12.7238 ms/op
WorkloadPilot    3: 64 op, 815720525.00 ns, 12.7456 ms/op

OverheadWarmup   1: 64 op, 1902.00 ns, 29.7188 ns/op
OverheadWarmup   2: 64 op, 848.00 ns, 13.2500 ns/op
OverheadWarmup   3: 64 op, 844.00 ns, 13.1875 ns/op
OverheadWarmup   4: 64 op, 700.00 ns, 10.9375 ns/op
OverheadWarmup   5: 64 op, 1002.00 ns, 15.6563 ns/op
OverheadWarmup   6: 64 op, 874.00 ns, 13.6562 ns/op
OverheadWarmup   7: 64 op, 840.00 ns, 13.1250 ns/op
OverheadWarmup   8: 64 op, 978.00 ns, 15.2812 ns/op
OverheadWarmup   9: 64 op, 831.00 ns, 12.9844 ns/op

OverheadActual   1: 64 op, 1061.00 ns, 16.5781 ns/op
OverheadActual   2: 64 op, 963.00 ns, 15.0469 ns/op
OverheadActual   3: 64 op, 977.00 ns, 15.2656 ns/op
OverheadActual   4: 64 op, 879.00 ns, 13.7344 ns/op
OverheadActual   5: 64 op, 915.00 ns, 14.2969 ns/op
OverheadActual   6: 64 op, 868.00 ns, 13.5625 ns/op
OverheadActual   7: 64 op, 742.00 ns, 11.5938 ns/op
OverheadActual   8: 64 op, 701.00 ns, 10.9531 ns/op
OverheadActual   9: 64 op, 768.00 ns, 12.0000 ns/op
OverheadActual  10: 64 op, 899.00 ns, 14.0469 ns/op
OverheadActual  11: 64 op, 849.00 ns, 13.2656 ns/op
OverheadActual  12: 64 op, 770.00 ns, 12.0312 ns/op
OverheadActual  13: 64 op, 686.00 ns, 10.7188 ns/op
OverheadActual  14: 64 op, 745.00 ns, 11.6406 ns/op
OverheadActual  15: 64 op, 769.00 ns, 12.0156 ns/op
OverheadActual  16: 64 op, 773.00 ns, 12.0781 ns/op
OverheadActual  17: 64 op, 1752.00 ns, 27.3750 ns/op
OverheadActual  18: 64 op, 1050.00 ns, 16.4062 ns/op
OverheadActual  19: 64 op, 852.00 ns, 13.3125 ns/op
OverheadActual  20: 64 op, 695.00 ns, 10.8594 ns/op

WorkloadWarmup   1: 64 op, 816489376.00 ns, 12.7576 ms/op
WorkloadWarmup   2: 64 op, 818271507.00 ns, 12.7855 ms/op
WorkloadWarmup   3: 64 op, 815948076.00 ns, 12.7492 ms/op
WorkloadWarmup   4: 64 op, 816721602.00 ns, 12.7613 ms/op
WorkloadWarmup   5: 64 op, 814876455.00 ns, 12.7324 ms/op
WorkloadWarmup   6: 64 op, 815964488.00 ns, 12.7494 ms/op

// BeforeActualRun
WorkloadActual   1: 64 op, 823282031.00 ns, 12.8638 ms/op
WorkloadActual   2: 64 op, 824488639.00 ns, 12.8826 ms/op
WorkloadActual   3: 64 op, 823528866.00 ns, 12.8676 ms/op
WorkloadActual   4: 64 op, 825202442.00 ns, 12.8938 ms/op
WorkloadActual   5: 64 op, 821223996.00 ns, 12.8316 ms/op
WorkloadActual   6: 64 op, 813696931.00 ns, 12.7140 ms/op
WorkloadActual   7: 64 op, 819660402.00 ns, 12.8072 ms/op
WorkloadActual   8: 64 op, 812404225.00 ns, 12.6938 ms/op
WorkloadActual   9: 64 op, 813890282.00 ns, 12.7170 ms/op
WorkloadActual  10: 64 op, 818520104.00 ns, 12.7894 ms/op
WorkloadActual  11: 64 op, 819367406.00 ns, 12.8026 ms/op
WorkloadActual  12: 64 op, 817181621.00 ns, 12.7685 ms/op
WorkloadActual  13: 64 op, 821130942.00 ns, 12.8302 ms/op
WorkloadActual  14: 64 op, 816767137.00 ns, 12.7620 ms/op
WorkloadActual  15: 64 op, 817887561.00 ns, 12.7795 ms/op

// AfterActualRun
WorkloadResult   1: 64 op, 823281180.50 ns, 12.8638 ms/op
WorkloadResult   2: 64 op, 824487788.50 ns, 12.8826 ms/op
WorkloadResult   3: 64 op, 823528015.50 ns, 12.8676 ms/op
WorkloadResult   4: 64 op, 825201591.50 ns, 12.8938 ms/op
WorkloadResult   5: 64 op, 821223145.50 ns, 12.8316 ms/op
WorkloadResult   6: 64 op, 813696080.50 ns, 12.7140 ms/op
WorkloadResult   7: 64 op, 819659551.50 ns, 12.8072 ms/op
WorkloadResult   8: 64 op, 812403374.50 ns, 12.6938 ms/op
WorkloadResult   9: 64 op, 813889431.50 ns, 12.7170 ms/op
WorkloadResult  10: 64 op, 818519253.50 ns, 12.7894 ms/op
WorkloadResult  11: 64 op, 819366555.50 ns, 12.8026 ms/op
WorkloadResult  12: 64 op, 817180770.50 ns, 12.7684 ms/op
WorkloadResult  13: 64 op, 821130091.50 ns, 12.8302 ms/op
WorkloadResult  14: 64 op, 816766286.50 ns, 12.7620 ms/op
WorkloadResult  15: 64 op, 817886710.50 ns, 12.7795 ms/op
// GC:  0 0 0 1152 64
// Threading:  0 0 64

// AfterAll
// Benchmark Process 23181 has exited with code 0.

Mean = 12.800 ms, StdErr = 0.016 ms (0.13%), N = 15, StdDev = 0.063 ms
Min = 12.694 ms, Q1 = 12.765 ms, Median = 12.803 ms, Q3 = 12.848 ms, Max = 12.894 ms
IQR = 0.082 ms, LowerFence = 12.641 ms, UpperFence = 12.971 ms
ConfidenceInterval = [12.733 ms; 12.867 ms] (CI 99.9%), Margin = 0.067 ms (0.52% of Mean)
Skewness = -0.14, Kurtosis = 1.73, MValue = 2

// ** Remained 0 (0.0%) benchmark(s) to run. Estimated finish 2025-08-23 8:23 (0h 0m from now) **
// ***** BenchmarkRunner: Finish  *****

// * Export *
  BenchmarkDotNet.Artifacts/results/RoutingBenchmarks-report.csv
  BenchmarkDotNet.Artifacts/results/RoutingBenchmarks-report-github.md
  BenchmarkDotNet.Artifacts/results/RoutingBenchmarks-report.html

// * Detailed results *
RoutingBenchmarks.LookupCandidates_ZeroAlloc: DefaultJob
Runtime = .NET 6.0.36 (6.0.3624.51421), X64 RyuJIT AVX2; GC = Concurrent Workstation
Mean = 12.800 ms, StdErr = 0.016 ms (0.13%), N = 15, StdDev = 0.063 ms
Min = 12.694 ms, Q1 = 12.765 ms, Median = 12.803 ms, Q3 = 12.848 ms, Max = 12.894 ms
IQR = 0.082 ms, LowerFence = 12.641 ms, UpperFence = 12.971 ms
ConfidenceInterval = [12.733 ms; 12.867 ms] (CI 99.9%), Margin = 0.067 ms (0.52% of Mean)
Skewness = -0.14, Kurtosis = 1.73, MValue = 2
-------------------- Histogram --------------------
[12.672 ms ; 12.927 ms) | @@@@@@@@@@@@@@@
---------------------------------------------------

// * Summary *

BenchmarkDotNet v0.13.12, Ubuntu 25.04 (Plucky Puffin)
Intel Xeon Processor, 1 CPU, 4 logical and 4 physical cores
.NET SDK 6.0.428
  [Host]     : .NET 6.0.36 (6.0.3624.51421), X64 RyuJIT AVX2
  DefaultJob : .NET 6.0.36 (6.0.3624.51421), X64 RyuJIT AVX2


| Method                     | Mean     | Error    | StdDev   | Allocated |
|--------------------------- |---------:|---------:|---------:|----------:|
| LookupCandidates_ZeroAlloc | 12.80 ms | 0.067 ms | 0.063 ms |      18 B |

// * Legends *
  Mean      : Arithmetic mean of all measurements
  Error     : Half of 99.9% confidence interval
  StdDev    : Standard deviation of all measurements
  Allocated : Allocated memory per single operation (managed only, inclusive, 1KB = 1024B)
  1 ms      : 1 Millisecond (0.001 sec)

// * Diagnostic Output - MemoryDiagnoser *


// ***** BenchmarkRunner: End *****
Run time: 00:00:20 (20.26 sec), executed benchmarks: 1

Global total time: 00:00:22 (22.8 sec), executed benchmarks: 1
// * Artifacts cleanup *
Artifacts cleanup is finished
