// Validating benchmarks:
// ***** BenchmarkRunner: Start   *****
// ***** Found 1 benchmark(s) in total *****
// ***** Building 1 exe(s) in Parallel: Start   *****
// start dotnet  restore /p:UseSharedCompilation=false /p:BuildInParallel=false /m:1 /p:Deterministic=true /p:Optimize=true in /workspace/samples/TrieRoutingDemo/bin/Release/net6.0/8beeee76-650d-4d7d-8dde-16f358b0d062
// command took 0.82 sec and exited with 0
// start dotnet  build -c Release --no-restore /p:UseSharedCompilation=false /p:BuildInParallel=false /m:1 /p:Deterministic=true /p:Optimize=true in /workspace/samples/TrieRoutingDemo/bin/Release/net6.0/8beeee76-650d-4d7d-8dde-16f358b0d062
// command took 1.79 sec and exited with 0
// ***** Done, took 00:00:02 (2.67 sec)   *****
// Found 1 benchmarks:
//   RoutingBenchmarks.LookupCandidates: DefaultJob

// **************************
// Benchmark: RoutingBenchmarks.LookupCandidates: DefaultJob
// *** Execute ***
// Launch: 1 / 1
// Execute: dotnet 8beeee76-650d-4d7d-8dde-16f358b0d062.dll --anonymousPipes 81 82 --benchmarkName RoutingBenchmarks.LookupCandidates --job Default --benchmarkId 0 in /workspace/samples/TrieRoutingDemo/bin/Release/net6.0/8beeee76-650d-4d7d-8dde-16f358b0d062/bin/Release/net6.0
// Failed to set up high priority (Permission denied). In order to run benchmarks with high priority, make sure you have the right permissions.
// BeforeAnythingElse

// Benchmark Process Environment Information:
// BenchmarkDotNet v0.13.12
// Runtime=.NET 6.0.36 (6.0.3624.51421), X64 RyuJIT AVX2
// GC=Concurrent Workstation
// HardwareIntrinsics=AVX2,AES,BMI1,BMI2,FMA,LZCNT,PCLMUL,POPCNT,AvxVnni VectorSize=256
// Job: DefaultJob

OverheadJitting  1: 1 op, 197480.00 ns, 197.4800 us/op
WorkloadJitting  1: 1 op, 9161307.00 ns, 9.1613 ms/op

OverheadJitting  2: 16 op, 333603.00 ns, 20.8502 us/op
WorkloadJitting  2: 16 op, 142149373.00 ns, 8.8843 ms/op

WorkloadPilot    1: 16 op, 94173746.00 ns, 5.8859 ms/op
WorkloadPilot    2: 32 op, 311000289.00 ns, 9.7188 ms/op
WorkloadPilot    3: 64 op, 587388349.00 ns, 9.1779 ms/op

OverheadWarmup   1: 64 op, 2381.00 ns, 37.2031 ns/op
OverheadWarmup   2: 64 op, 1126.00 ns, 17.5938 ns/op
OverheadWarmup   3: 64 op, 1035.00 ns, 16.1719 ns/op
OverheadWarmup   4: 64 op, 612.00 ns, 9.5625 ns/op
OverheadWarmup   5: 64 op, 904.00 ns, 14.1250 ns/op
OverheadWarmup   6: 64 op, 691.00 ns, 10.7969 ns/op
OverheadWarmup   7: 64 op, 545.00 ns, 8.5156 ns/op
OverheadWarmup   8: 64 op, 557.00 ns, 8.7031 ns/op
OverheadWarmup   9: 64 op, 539.00 ns, 8.4219 ns/op

OverheadActual   1: 64 op, 952.00 ns, 14.8750 ns/op
OverheadActual   2: 64 op, 952.00 ns, 14.8750 ns/op
OverheadActual   3: 64 op, 860.00 ns, 13.4375 ns/op
OverheadActual   4: 64 op, 778.00 ns, 12.1562 ns/op
OverheadActual   5: 64 op, 847.00 ns, 13.2344 ns/op
OverheadActual   6: 64 op, 624.00 ns, 9.7500 ns/op
OverheadActual   7: 64 op, 835.00 ns, 13.0469 ns/op
OverheadActual   8: 64 op, 758.00 ns, 11.8438 ns/op
OverheadActual   9: 64 op, 873.00 ns, 13.6406 ns/op
OverheadActual  10: 64 op, 854.00 ns, 13.3438 ns/op
OverheadActual  11: 64 op, 622.00 ns, 9.7188 ns/op
OverheadActual  12: 64 op, 692.00 ns, 10.8125 ns/op
OverheadActual  13: 64 op, 553.00 ns, 8.6406 ns/op
OverheadActual  14: 64 op, 662.00 ns, 10.3438 ns/op
OverheadActual  15: 64 op, 531.00 ns, 8.2969 ns/op
OverheadActual  16: 64 op, 616.00 ns, 9.6250 ns/op
OverheadActual  17: 64 op, 544.00 ns, 8.5000 ns/op
OverheadActual  18: 64 op, 856.00 ns, 13.3750 ns/op
OverheadActual  19: 64 op, 2002.00 ns, 31.2812 ns/op
OverheadActual  20: 64 op, 880.00 ns, 13.7500 ns/op

WorkloadWarmup   1: 64 op, 331864120.00 ns, 5.1854 ms/op
WorkloadWarmup   2: 64 op, 329582750.00 ns, 5.1497 ms/op
WorkloadWarmup   3: 64 op, 331065622.00 ns, 5.1729 ms/op
WorkloadWarmup   4: 64 op, 331206740.00 ns, 5.1751 ms/op
WorkloadWarmup   5: 64 op, 331005248.00 ns, 5.1720 ms/op
WorkloadWarmup   6: 64 op, 331088070.00 ns, 5.1733 ms/op
WorkloadWarmup   7: 64 op, 334989713.00 ns, 5.2342 ms/op
WorkloadWarmup   8: 64 op, 332509123.00 ns, 5.1955 ms/op

// BeforeActualRun
WorkloadActual   1: 64 op, 333015250.00 ns, 5.2034 ms/op
WorkloadActual   2: 64 op, 332686316.00 ns, 5.1982 ms/op
WorkloadActual   3: 64 op, 328427936.00 ns, 5.1317 ms/op
WorkloadActual   4: 64 op, 405022818.00 ns, 6.3285 ms/op
WorkloadActual   5: 64 op, 344234565.00 ns, 5.3787 ms/op
WorkloadActual   6: 64 op, 330179699.00 ns, 5.1591 ms/op
WorkloadActual   7: 64 op, 329865370.00 ns, 5.1541 ms/op
WorkloadActual   8: 64 op, 331632563.00 ns, 5.1818 ms/op
WorkloadActual   9: 64 op, 330871566.00 ns, 5.1699 ms/op
WorkloadActual  10: 64 op, 330846209.00 ns, 5.1695 ms/op
WorkloadActual  11: 64 op, 330837236.00 ns, 5.1693 ms/op
WorkloadActual  12: 64 op, 331581884.00 ns, 5.1810 ms/op
WorkloadActual  13: 64 op, 332207198.00 ns, 5.1907 ms/op
WorkloadActual  14: 64 op, 330939841.00 ns, 5.1709 ms/op
WorkloadActual  15: 64 op, 330089480.00 ns, 5.1576 ms/op

// AfterActualRun
WorkloadResult   1: 64 op, 333014443.50 ns, 5.2034 ms/op
WorkloadResult   2: 64 op, 332685509.50 ns, 5.1982 ms/op
WorkloadResult   3: 64 op, 328427129.50 ns, 5.1317 ms/op
WorkloadResult   4: 64 op, 330178892.50 ns, 5.1590 ms/op
WorkloadResult   5: 64 op, 329864563.50 ns, 5.1541 ms/op
WorkloadResult   6: 64 op, 331631756.50 ns, 5.1817 ms/op
WorkloadResult   7: 64 op, 330870759.50 ns, 5.1699 ms/op
WorkloadResult   8: 64 op, 330845402.50 ns, 5.1695 ms/op
WorkloadResult   9: 64 op, 330836429.50 ns, 5.1693 ms/op
WorkloadResult  10: 64 op, 331581077.50 ns, 5.1810 ms/op
WorkloadResult  11: 64 op, 332206391.50 ns, 5.1907 ms/op
WorkloadResult  12: 64 op, 330939034.50 ns, 5.1709 ms/op
WorkloadResult  13: 64 op, 330088673.50 ns, 5.1576 ms/op
// GC:  0 0 0 542124544 64
// Threading:  0 0 64

// AfterAll
// Benchmark Process 22396 has exited with code 0.

Mean = 5.172 ms, StdErr = 0.005 ms (0.10%), N = 13, StdDev = 0.019 ms
Min = 5.132 ms, Q1 = 5.159 ms, Median = 5.170 ms, Q3 = 5.182 ms, Max = 5.203 ms
IQR = 0.023 ms, LowerFence = 5.125 ms, UpperFence = 5.216 ms
ConfidenceInterval = [5.149 ms; 5.195 ms] (CI 99.9%), Margin = 0.023 ms (0.45% of Mean)
Skewness = -0.21, Kurtosis = 2.37, MValue = 2

// ** Remained 0 (0.0%) benchmark(s) to run. Estimated finish 2025-08-23 8:20 (0h 0m from now) **
// ***** BenchmarkRunner: Finish  *****

// * Export *
  BenchmarkDotNet.Artifacts/results/RoutingBenchmarks-report.csv
  BenchmarkDotNet.Artifacts/results/RoutingBenchmarks-report-github.md
  BenchmarkDotNet.Artifacts/results/RoutingBenchmarks-report.html

// * Detailed results *
RoutingBenchmarks.LookupCandidates: DefaultJob
Runtime = .NET 6.0.36 (6.0.3624.51421), X64 RyuJIT AVX2; GC = Concurrent Workstation
Mean = 5.172 ms, StdErr = 0.005 ms (0.10%), N = 13, StdDev = 0.019 ms
Min = 5.132 ms, Q1 = 5.159 ms, Median = 5.170 ms, Q3 = 5.182 ms, Max = 5.203 ms
IQR = 0.023 ms, LowerFence = 5.125 ms, UpperFence = 5.216 ms
ConfidenceInterval = [5.149 ms; 5.195 ms] (CI 99.9%), Margin = 0.023 ms (0.45% of Mean)
Skewness = -0.21, Kurtosis = 2.37, MValue = 2
-------------------- Histogram --------------------
[5.121 ms ; 5.214 ms) | @@@@@@@@@@@@@
---------------------------------------------------

// * Summary *

BenchmarkDotNet v0.13.12, Ubuntu 25.04 (Plucky Puffin)
Intel Xeon Processor, 1 CPU, 4 logical and 4 physical cores
.NET SDK 6.0.428
  [Host]     : .NET 6.0.36 (6.0.3624.51421), X64 RyuJIT AVX2
  DefaultJob : .NET 6.0.36 (6.0.3624.51421), X64 RyuJIT AVX2


| Method           | Mean     | Error     | StdDev    | Allocated |
|----------------- |---------:|----------:|----------:|----------:|
| LookupCandidates | 5.172 ms | 0.0233 ms | 0.0194 ms |   8.08 MB |

// * Hints *
Outliers
  RoutingBenchmarks.LookupCandidates: Default -> 2 outliers were removed (5.38 ms, 6.33 ms)

// * Legends *
  Mean      : Arithmetic mean of all measurements
  Error     : Half of 99.9% confidence interval
  StdDev    : Standard deviation of all measurements
  Allocated : Allocated memory per single operation (managed only, inclusive, 1KB = 1024B)
  1 ms      : 1 Millisecond (0.001 sec)

// * Diagnostic Output - MemoryDiagnoser *


// ***** BenchmarkRunner: End *****
Run time: 00:00:12 (12.6 sec), executed benchmarks: 1

Global total time: 00:00:15 (15.36 sec), executed benchmarks: 1
// * Artifacts cleanup *
Artifacts cleanup is finished
